Elapsed 1162 ms
Parsing: Reading Binary
Parsing: Parsing log data
Parsing: ArcDPS Build EVTC20260718
Parsing: ArcDPS Combat Item Revision 1
Parsing: Trigger ID 15429
Parsing: Parsing agent data
Parsing: Agent Count 463
Parsing: Parsing skill data
Parsing: Skill Count 574
Parsing: Parsing combat list
Parsing: Combat Event Count 85786
Parsing: Combat Event Discarded 0
Parsing: Linking agents to combat list
Parsing: Creating 3 missing agents
Parsing: Keeping 466 agents
Parsing: Adding environment agent
Parsing: Linking minions to their masters
Parsing: Regrouping Agents
Parsing: Adjusting minion names
Parsing: Creating players
Parsing: Preparing data for log generation
Parsing: Identifying critical agents
Parsing: Offseting time
Parsing: Offset of 1 ms added
Parsing: Encounter specific processing
Parsing: Data parsed
Parsing: Creating GW2EI Combat Events
Parsing: Creating EI Combat Data
Parsing: Combining SkillInfo with SkillData
Parsing: Creating Cast Events
Parsing: Creating Buff Events
Parsing: Creating Damage Events
Parsing: Creating Buff Dependent Events
Parsing: Attaching Extension Events
Parsing: Adjusting player specs and groups based on Enter Combat events
Parsing: Creating Custom Events
Parsing: Processing Warrior Gadgets
Parsing: Processing Engineer Gadgets
Parsing: Processing Ranger Gadgets
Parsing: Processing Revenant Gadgets
Parsing: Processing Antiquary Gadgets
Parsing: Processing Racial Gadget
Parsing: Creating Custom Buff Events
Parsing: Creating Custom Damage Events
Parsing: Creating Custom Cast Events
Parsing: Creating Custom Status Events
Parsing: Checking Log Status
Parsing: Setting Log Name
Parsing: Checking Success
Parsing: Handling active players
Parsing: Handling friendlies
Parsing: Player count: 10
Parsing: Friendlies count: 0
Parsing: Targets count: 9
Parsing: Trash Mobs count: 8
Parsing: Creating GW2EI Log Meta Data
Parsing: PoV Cadell Thanatos
Parsing: GW2 Build 204489
Parsing: Language English
Parsing: Region EU
Parsing: Log Start 2026-08-10 22:00:50 +02:00
Parsing: Log End 2026-08-10 22:03:03 +02:00
Parsing: Creating Buff Container
Parsing: Adjusting Skill icons using buffs
Parsing: Adjusted 156 Skill icons using buffs
Parsing: Adjusting Buffs
Parsing: Deduced 52 unknown buff formulas
Parsing: Adjusted capacity for Fury from 9 to 99
Parsing: Adjusted capacity for Quickness from 5 to 99
Parsing: Adjusted capacity for Alacrity from 9 to 99
Parsing: Adjusted capacity for Protection from 5 to 99
Parsing: Adjusted capacity for Vigor from 5 to 99
Parsing: Adjusted capacity for Swiftness from 9 to 99
Parsing: Adjusted capacity for Resistance from 5 to 99
Parsing: Adjusted capacity for Resolution from 5 to 99
Parsing: Adjusted capacity for Chilled from 5 to 9
Parsing: Adjusted capacity for Crippled from 5 to 9
Parsing: Adjusted capacity for Immobile from 3 to 9
Parsing: Adjusted capacity for Weakness from 5 to 9
Parsing: Adjusted capacity for One Wolf Pack from 25 to 9
Parsing: Adjusted capacity for Distortion from 25 to 9
Parsing: Adjusted capacity for Time Anchored from 25 to 9
Parsing: Unknown Formula for Bowl of Fruit Salad with Mint Garnish: Unknown 98:  +20Unknown
Parsing: Unknown Formula for Bowl of Fruit Salad with Mint Garnish: Unknown 133:  +10Unknown
Parsing: Unknown Formula for Cilantro Lime Sous-Vide Steak: Unknown 98:  +20Unknown
Parsing: Unknown Formula for Cilantro Lime Sous-Vide Steak: Unknown 133:  +10Unknown
Parsing: Unknown Formula for Peppercorn-Crusted Sous-Vide Steak: Unknown 98:  +20Unknown
Parsing: Unknown Formula for Peppercorn-Crusted Sous-Vide Steak: Unknown 133:  +10Unknown
Parsing: Unknown Formula for Peppered Cured Meat Flatbread: Unknown 98:  +20Unknown
Parsing: Unknown Formula for Peppered Cured Meat Flatbread: Unknown 133:  +10Unknown
Parsing: Unknown Formula for Ghastly Prison: Unknown 69:  +0.04Unknown
Parsing: Unknown Formula for Vivid Echo: Unknown 36: (0.075 * Unknown + 10.4)Unknown
Parsing: Unknown Formula for Vivid Echo: Unknown 36: (0.05 * Unknown + 6.6)Unknown
Parsing: Unknown Formula for Dragon Trigger: Unknown 104:  -80Unknown
Parsing: Creating Damage Modifier Container
Parsing: Creating Mechanic Data
Parsing: Creating General Statistics Container
Parsing: Find sources for buff extension events
Parsing: Multi threading
Parsing: Initializing Actor dictionary
Program: Creating File(s)
Program: Creating HTML
HTML: replacing global variables
HTML: building CSS
HTML: building JS
HTML: building Combat Replay JS
HTML: building Log Data
HTML: building Meta Data
HTML: building Graph Data
HTML: building Players
HTML: building Enemies
HTML: building Targets
HTML: building Skill/Buff/Damage Modifier dictionaries
HTML: building Phases
Program: HTML created
Completed for killed gors
